--------------------------------
Processing: ./properties/nn_0/prop1_neuron0_7_10.limodsat
-: LUKAsiewicz infinitely-valued logic SOLver :-
Analysing satisfiability... unSAT

real	0m38,703s
user	0m37,279s
sys	0m0,334s
--------------------------------
Processing: ./properties/nn_0/prop1_neuron10_7_10.limodsat
-: LUKAsiewicz infinitely-valued logic SOLver :-
Analysing satisfiability... unSAT

real	3m38,947s
user	3m35,580s
sys	0m0,633s
--------------------------------
Processing: ./properties/nn_0/prop1_neuron11_7_10.limodsat
-: LUKAsiewicz infinitely-valued logic SOLver :-
Analysing satisfiability... unSAT

real	0m9,530s
user	0m9,316s
sys	0m0,333s
--------------------------------
Processing: ./properties/nn_0/prop1_neuron12_7_10.limodsat
-: LUKAsiewicz infinitely-valued logic SOLver :-
Analysing satisfiability... unSAT

real	0m10,455s
user	0m10,102s
sys	0m0,346s
--------------------------------
Processing: ./properties/nn_0/prop1_neuron13_7_10.limodsat
-: LUKAsiewicz infinitely-valued logic SOLver :-
Analysing satisfiability... unSAT

real	18m12,178s
user	17m56,681s
sys	0m2,690s
--------------------------------
Processing: ./properties/nn_0/prop1_neuron14_7_10.limodsat
-: LUKAsiewicz infinitely-valued logic SOLver :-
Analysing satisfiability... unSAT

real	0m9,224s
user	0m9,154s
sys	0m0,316s
--------------------------------
Processing: ./properties/nn_0/prop1_neuron1_7_10.limodsat
-: LUKAsiewicz infinitely-valued logic SOLver :-
Analysing satisfiability... SAT

real	0m27,204s
user	0m26,719s
sys	0m0,454s
--------------------------------
Processing: ./properties/nn_0/prop1_neuron2_7_10.limodsat
-: LUKAsiewicz infinitely-valued logic SOLver :-
Analysing satisfiability... unSAT

real	0m10,307s
user	0m9,789s
sys	0m0,507s
--------------------------------
Processing: ./properties/nn_0/prop1_neuron3_7_10.limodsat
-: LUKAsiewicz infinitely-valued logic SOLver :-
Analysing satisfiability... unSAT

real	0m9,665s
user	0m9,448s
sys	0m0,305s
--------------------------------
Processing: ./properties/nn_0/prop1_neuron4_7_10.limodsat
-: LUKAsiewicz infinitely-valued logic SOLver :-
Analysing satisfiability... SAT

real	0m9,564s
user	0m9,471s
sys	0m0,313s
--------------------------------
Processing: ./properties/nn_0/prop1_neuron5_7_10.limodsat
-: LUKAsiewicz infinitely-valued logic SOLver :-
Analysing satisfiability... unSAT

real	0m9,516s
user	0m9,198s
sys	0m0,339s
--------------------------------
Processing: ./properties/nn_0/prop1_neuron6_7_10.limodsat
-: LUKAsiewicz infinitely-valued logic SOLver :-
Analysing satisfiability... unSAT

real	0m9,192s
user	0m9,082s
sys	0m0,312s
--------------------------------
Processing: ./properties/nn_0/prop1_neuron7_7_10.limodsat
-: LUKAsiewicz infinitely-valued logic SOLver :-
Analysing satisfiability... SAT

real	1m38,763s
user	1m37,312s
sys	0m0,527s
--------------------------------
Processing: ./properties/nn_0/prop1_neuron8_7_10.limodsat
-: LUKAsiewicz infinitely-valued logic SOLver :-
Analysing satisfiability... unSAT

real	0m11,422s
user	0m10,988s
sys	0m0,350s
--------------------------------
Processing: ./properties/nn_0/prop1_neuron9_7_10.limodsat
-: LUKAsiewicz infinitely-valued logic SOLver :-
Analysing satisfiability... unSAT

real	0m10,054s
user	0m9,889s
sys	0m0,303s
--------------------------------
Processing: ./properties/nn_0/prop2_neuron0.limodsat
-: LUKAsiewicz infinitely-valued logic SOLver :-
Analysing satisfiability... SAT

real	0m15,150s
user	0m14,707s
sys	0m0,467s
--------------------------------
Processing: ./properties/nn_0/prop2_neuron10.limodsat
-: LUKAsiewicz infinitely-valued logic SOLver :-
Analysing satisfiability... SAT

real	0m10,371s
user	0m10,110s
sys	0m0,308s
--------------------------------
Processing: ./properties/nn_0/prop2_neuron11.limodsat
-: LUKAsiewicz infinitely-valued logic SOLver :-
Analysing satisfiability... SAT

real	0m10,570s
user	0m10,266s
sys	0m0,343s
--------------------------------
Processing: ./properties/nn_0/prop2_neuron12.limodsat
-: LUKAsiewicz infinitely-valued logic SOLver :-
Analysing satisfiability... SAT

real	0m9,795s
user	0m9,645s
sys	0m0,339s
--------------------------------
Processing: ./properties/nn_0/prop2_neuron13.limodsat
-: LUKAsiewicz infinitely-valued logic SOLver :-
Analysing satisfiability... unSAT

real	0m9,420s
user	0m9,325s
sys	0m0,293s
--------------------------------
Processing: ./properties/nn_0/prop2_neuron14.limodsat
-: LUKAsiewicz infinitely-valued logic SOLver :-
Analysing satisfiability... SAT

real	0m9,348s
user	0m9,052s
sys	0m0,350s
--------------------------------
Processing: ./properties/nn_0/prop2_neuron1.limodsat
-: LUKAsiewicz infinitely-valued logic SOLver :-
Analysing satisfiability... SAT

real	0m12,486s
user	0m12,244s
sys	0m0,321s
--------------------------------
Processing: ./properties/nn_0/prop2_neuron2.limodsat
-: LUKAsiewicz infinitely-valued logic SOLver :-
Analysing satisfiability... SAT

real	0m9,645s
user	0m9,550s
sys	0m0,290s
--------------------------------
Processing: ./properties/nn_0/prop2_neuron3.limodsat
-: LUKAsiewicz infinitely-valued logic SOLver :-
Analysing satisfiability... SAT

real	0m10,120s
user	0m10,049s
sys	0m0,280s
--------------------------------
Processing: ./properties/nn_0/prop2_neuron4.limodsat
-: LUKAsiewicz infinitely-valued logic SOLver :-
Analysing satisfiability... SAT

real	0m9,190s
user	0m9,175s
sys	0m0,259s
--------------------------------
Processing: ./properties/nn_0/prop2_neuron5.limodsat
-: LUKAsiewicz infinitely-valued logic SOLver :-
Analysing satisfiability... SAT

real	0m9,508s
user	0m9,429s
sys	0m0,317s
--------------------------------
Processing: ./properties/nn_0/prop2_neuron6.limodsat
-: LUKAsiewicz infinitely-valued logic SOLver :-
Analysing satisfiability... SAT

real	0m9,815s
user	0m9,767s
sys	0m0,281s
--------------------------------
Processing: ./properties/nn_0/prop2_neuron7.limodsat
-: LUKAsiewicz infinitely-valued logic SOLver :-
Analysing satisfiability... SAT

real	0m14,154s
user	0m14,055s
sys	0m0,291s
--------------------------------
Processing: ./properties/nn_0/prop2_neuron8.limodsat
-: LUKAsiewicz infinitely-valued logic SOLver :-
Analysing satisfiability... SAT

real	0m9,120s
user	0m9,071s
sys	0m0,283s
--------------------------------
Processing: ./properties/nn_0/prop2_neuron9.limodsat
-: LUKAsiewicz infinitely-valued logic SOLver :-
Analysing satisfiability... unSAT

real	0m8,947s
user	0m8,623s
sys	0m0,340s
--------------------------------
Processing: ./properties/nn_0/prop3_neuron0.limodsat
-: LUKAsiewicz infinitely-valued logic SOLver :-
Analysing consequence validity... VALID

real	9m33,413s
user	9m29,358s
sys	0m0,566s
--------------------------------
Processing: ./properties/nn_0/prop3_neuron10.limodsat
-: LUKAsiewicz infinitely-valued logic SOLver :-
Analysing consequence validity... VALID

real	4m28,186s
user	4m26,638s
sys	0m0,360s
--------------------------------
Processing: ./properties/nn_0/prop3_neuron11.limodsat
-: LUKAsiewicz infinitely-valued logic SOLver :-
Analysing consequence validity... VALID

real	8m7,328s
user	8m3,666s
sys	0m0,757s
--------------------------------
Processing: ./properties/nn_0/prop3_neuron12.limodsat
-: LUKAsiewicz infinitely-valued logic SOLver :-
Analysing consequence validity... VALID

real	13m52,467s
user	13m44,319s
sys	0m1,480s
--------------------------------
Processing: ./properties/nn_0/prop3_neuron13.limodsat
-: LUKAsiewicz infinitely-valued logic SOLver :-
Analysing consequence validity... VALID

real	4m33,786s
user	4m27,944s
sys	0m1,134s
--------------------------------
Processing: ./properties/nn_0/prop3_neuron14.limodsat
-: LUKAsiewicz infinitely-valued logic SOLver :-
Analysing consequence validity... VALID

real	6m19,230s
user	6m14,497s
sys	0m0,742s
--------------------------------
Processing: ./properties/nn_0/prop3_neuron1.limodsat
-: LUKAsiewicz infinitely-valued logic SOLver :-
Analysing consequence validity... VALID

real	6m54,901s
user	6m49,800s
sys	0m0,856s
--------------------------------
Processing: ./properties/nn_0/prop3_neuron2.limodsat
-: LUKAsiewicz infinitely-valued logic SOLver :-
Analysing consequence validity... VALID

real	6m10,380s
user	6m5,697s
sys	0m0,867s
--------------------------------
Processing: ./properties/nn_0/prop3_neuron3.limodsat
-: LUKAsiewicz infinitely-valued logic SOLver :-
Analysing consequence validity... VALID

real	5m23,289s
user	5m17,486s
sys	0m0,818s
--------------------------------
Processing: ./properties/nn_0/prop3_neuron4.limodsat
-: LUKAsiewicz infinitely-valued logic SOLver :-
Analysing consequence validity... VALID

real	3m29,858s
user	3m28,167s
sys	0m0,457s
--------------------------------
Processing: ./properties/nn_0/prop3_neuron5.limodsat
-: LUKAsiewicz infinitely-valued logic SOLver :-
Analysing consequence validity... VALID

real	4m47,559s
user	4m45,842s
sys	0m0,407s
--------------------------------
Processing: ./properties/nn_0/prop3_neuron6.limodsat
-: LUKAsiewicz infinitely-valued logic SOLver :-
Analysing consequence validity... VALID

real	4m28,554s
user	4m26,517s
sys	0m0,498s
--------------------------------
Processing: ./properties/nn_0/prop3_neuron7.limodsat
-: LUKAsiewicz infinitely-valued logic SOLver :-
Analysing consequence validity... VALID

real	9m52,958s
user	9m49,253s
sys	0m0,507s
--------------------------------
Processing: ./properties/nn_0/prop3_neuron8.limodsat
-: LUKAsiewicz infinitely-valued logic SOLver :-
Analysing consequence validity... INvalid

real	3m4,658s
user	3m3,830s
sys	0m0,303s
--------------------------------
Processing: ./properties/nn_0/prop3_neuron9.limodsat
-: LUKAsiewicz infinitely-valued logic SOLver :-
Analysing consequence validity... VALID

real	4m30,762s
user	4m29,459s
sys	0m0,328s
--------------------------------
Processing: ./properties/nn_0/prop4_neuron0_1_10.limodsat
-: LUKAsiewicz infinitely-valued logic SOLver :-
Analysing consequence validity... INvalid

real	0m11,592s
user	0m11,463s
sys	0m0,275s
--------------------------------
Processing: ./properties/nn_0/prop4_neuron0_1_20.limodsat
-: LUKAsiewicz infinitely-valued logic SOLver :-
Analysing consequence validity... INvalid

real	0m11,025s
user	0m10,959s
sys	0m0,316s
--------------------------------
Processing: ./properties/nn_0/prop4_neuron0_2_10.limodsat
-: LUKAsiewicz infinitely-valued logic SOLver :-
Analysing consequence validity... INvalid

real	0m12,410s
user	0m12,366s
sys	0m0,289s
--------------------------------
Processing: ./properties/nn_0/prop4_neuron10_1_10.limodsat
-: LUKAsiewicz infinitely-valued logic SOLver :-
Analysing consequence validity... INvalid

real	0m8,426s
user	0m8,417s
sys	0m0,268s
--------------------------------
Processing: ./properties/nn_0/prop4_neuron10_1_20.limodsat
-: LUKAsiewicz infinitely-valued logic SOLver :-
Analysing consequence validity... INvalid

real	0m8,870s
user	0m8,668s
sys	0m0,319s
--------------------------------
Processing: ./properties/nn_0/prop4_neuron10_2_10.limodsat
-: LUKAsiewicz infinitely-valued logic SOLver :-
Analysing consequence validity... INvalid

real	0m8,271s
user	0m8,237s
sys	0m0,292s
--------------------------------
Processing: ./properties/nn_0/prop4_neuron1_1_10.limodsat
-: LUKAsiewicz infinitely-valued logic SOLver :-
Analysing consequence validity... INvalid

real	0m11,087s
user	0m11,033s
sys	0m0,301s
--------------------------------
Processing: ./properties/nn_0/prop4_neuron11_1_10.limodsat
-: LUKAsiewicz infinitely-valued logic SOLver :-
Analysing consequence validity... INvalid

real	0m7,985s
user	0m7,976s
sys	0m0,272s
--------------------------------
Processing: ./properties/nn_0/prop4_neuron11_1_20.limodsat
-: LUKAsiewicz infinitely-valued logic SOLver :-
Analysing consequence validity... INvalid

real	0m7,914s
user	0m7,904s
sys	0m0,269s
--------------------------------
Processing: ./properties/nn_0/prop4_neuron1_1_20.limodsat
-: LUKAsiewicz infinitely-valued logic SOLver :-
Analysing consequence validity... INvalid

real	0m9,506s
user	0m9,475s
sys	0m0,287s
--------------------------------
Processing: ./properties/nn_0/prop4_neuron11_2_10.limodsat
-: LUKAsiewicz infinitely-valued logic SOLver :-
Analysing consequence validity... INvalid

real	0m7,993s
user	0m7,977s
sys	0m0,277s
--------------------------------
Processing: ./properties/nn_0/prop4_neuron1_2_10.limodsat
-: LUKAsiewicz infinitely-valued logic SOLver :-
Analysing consequence validity... INvalid

real	0m11,666s
user	0m11,639s
sys	0m0,272s
--------------------------------
Processing: ./properties/nn_0/prop4_neuron12_1_10.limodsat
-: LUKAsiewicz infinitely-valued logic SOLver :-
Analysing consequence validity... INvalid

real	0m8,288s
user	0m8,282s
sys	0m0,263s
--------------------------------
Processing: ./properties/nn_0/prop4_neuron12_1_20.limodsat
-: LUKAsiewicz infinitely-valued logic SOLver :-
Analysing consequence validity... INvalid

real	0m8,200s
user	0m8,177s
sys	0m0,281s
--------------------------------
Processing: ./properties/nn_0/prop4_neuron12_2_10.limodsat
-: LUKAsiewicz infinitely-valued logic SOLver :-
Analysing consequence validity... INvalid

real	0m7,840s
user	0m7,835s
sys	0m0,261s
--------------------------------
Processing: ./properties/nn_0/prop4_neuron13_1_10.limodsat
-: LUKAsiewicz infinitely-valued logic SOLver :-
Analysing consequence validity... INvalid

real	0m9,078s
user	0m9,030s
sys	0m0,309s
--------------------------------
Processing: ./properties/nn_0/prop4_neuron13_1_20.limodsat
-: LUKAsiewicz infinitely-valued logic SOLver :-
Analysing consequence validity... INvalid

real	0m11,814s
user	0m11,761s
sys	0m0,296s
--------------------------------
Processing: ./properties/nn_0/prop4_neuron13_2_10.limodsat
-: LUKAsiewicz infinitely-valued logic SOLver :-
Analysing consequence validity... INvalid

real	0m9,085s
user	0m9,047s
sys	0m0,293s
--------------------------------
Processing: ./properties/nn_0/prop4_neuron14_1_10.limodsat
-: LUKAsiewicz infinitely-valued logic SOLver :-
Analysing consequence validity... INvalid

real	0m9,869s
user	0m9,833s
sys	0m0,285s
--------------------------------
Processing: ./properties/nn_0/prop4_neuron14_1_20.limodsat
-: LUKAsiewicz infinitely-valued logic SOLver :-
Analysing consequence validity... INvalid

real	0m11,538s
user	0m11,510s
sys	0m0,273s
--------------------------------
Processing: ./properties/nn_0/prop4_neuron14_2_10.limodsat
-: LUKAsiewicz infinitely-valued logic SOLver :-
Analysing consequence validity... INvalid

real	0m10,358s
user	0m10,310s
sys	0m0,297s
--------------------------------
Processing: ./properties/nn_0/prop4_neuron2_1_10.limodsat
-: LUKAsiewicz infinitely-valued logic SOLver :-
Analysing consequence validity... INvalid

real	0m9,476s
user	0m9,435s
sys	0m0,290s
--------------------------------
Processing: ./properties/nn_0/prop4_neuron2_1_20.limodsat
-: LUKAsiewicz infinitely-valued logic SOLver :-
Analysing consequence validity... INvalid

real	0m13,858s
user	0m13,842s
sys	0m0,258s
--------------------------------
Processing: ./properties/nn_0/prop4_neuron2_2_10.limodsat
-: LUKAsiewicz infinitely-valued logic SOLver :-
Analysing consequence validity... INvalid

real	0m10,738s
user	0m10,706s
sys	0m0,281s
--------------------------------
Processing: ./properties/nn_0/prop4_neuron3_1_10.limodsat
-: LUKAsiewicz infinitely-valued logic SOLver :-
Analysing consequence validity... INvalid

real	0m40,317s
user	0m40,142s
sys	0m0,306s
--------------------------------
Processing: ./properties/nn_0/prop4_neuron3_1_20.limodsat
-: LUKAsiewicz infinitely-valued logic SOLver :-
Analysing consequence validity... INvalid

real	0m13,826s
user	0m13,802s
sys	0m0,264s
--------------------------------
Processing: ./properties/nn_0/prop4_neuron3_2_10.limodsat
-: LUKAsiewicz infinitely-valued logic SOLver :-
Analysing consequence validity... INvalid

real	0m15,440s
user	0m15,376s
sys	0m0,286s
--------------------------------
Processing: ./properties/nn_0/prop4_neuron4_1_10.limodsat
-: LUKAsiewicz infinitely-valued logic SOLver :-
Analysing consequence validity... INvalid

real	0m12,340s
user	0m12,285s
sys	0m0,298s
--------------------------------
Processing: ./properties/nn_0/prop4_neuron4_1_20.limodsat
-: LUKAsiewicz infinitely-valued logic SOLver :-
Analysing consequence validity... INvalid

real	0m9,672s
user	0m9,634s
sys	0m0,288s
--------------------------------
Processing: ./properties/nn_0/prop4_neuron4_2_10.limodsat
-: LUKAsiewicz infinitely-valued logic SOLver :-
Analysing consequence validity... INvalid

real	0m9,882s
user	0m9,865s
sys	0m0,266s
--------------------------------
Processing: ./properties/nn_0/prop4_neuron5_1_10.limodsat
-: LUKAsiewicz infinitely-valued logic SOLver :-
Analysing consequence validity... INvalid

real	0m11,719s
user	0m11,687s
sys	0m0,278s
--------------------------------
Processing: ./properties/nn_0/prop4_neuron5_1_20.limodsat
-: LUKAsiewicz infinitely-valued logic SOLver :-
Analysing consequence validity... INvalid

real	0m9,835s
user	0m9,771s
sys	0m0,273s
--------------------------------
Processing: ./properties/nn_0/prop4_neuron5_2_10.limodsat
-: LUKAsiewicz infinitely-valued logic SOLver :-
Analysing consequence validity... INvalid

real	0m13,014s
user	0m12,977s
sys	0m0,278s
--------------------------------
Processing: ./properties/nn_0/prop4_neuron6_1_10.limodsat
-: LUKAsiewicz infinitely-valued logic SOLver :-
Analysing consequence validity... INvalid

real	0m8,527s
user	0m8,488s
sys	0m0,290s
--------------------------------
Processing: ./properties/nn_0/prop4_neuron6_1_20.limodsat
-: LUKAsiewicz infinitely-valued logic SOLver :-
Analysing consequence validity... INvalid

real	0m8,436s
user	0m8,399s
sys	0m0,293s
--------------------------------
Processing: ./properties/nn_0/prop4_neuron6_2_10.limodsat
-: LUKAsiewicz infinitely-valued logic SOLver :-
Analysing consequence validity... INvalid

real	0m8,820s
user	0m8,799s
sys	0m0,274s
--------------------------------
Processing: ./properties/nn_0/prop4_neuron7_1_10.limodsat
-: LUKAsiewicz infinitely-valued logic SOLver :-
Analysing consequence validity... INvalid

real	0m11,303s
user	0m11,278s
sys	0m0,270s
--------------------------------
Processing: ./properties/nn_0/prop4_neuron7_1_20.limodsat
-: LUKAsiewicz infinitely-valued logic SOLver :-
Analysing consequence validity... INvalid

real	0m9,829s
user	0m9,698s
sys	0m0,308s
--------------------------------
Processing: ./properties/nn_0/prop4_neuron7_2_10.limodsat
-: LUKAsiewicz infinitely-valued logic SOLver :-
Analysing consequence validity... INvalid

real	0m9,957s
user	0m9,908s
sys	0m0,298s
--------------------------------
Processing: ./properties/nn_0/prop4_neuron8_1_10.limodsat
-: LUKAsiewicz infinitely-valued logic SOLver :-
Analysing consequence validity... INvalid

real	0m8,929s
user	0m8,898s
sys	0m0,288s
--------------------------------
Processing: ./properties/nn_0/prop4_neuron8_1_20.limodsat
-: LUKAsiewicz infinitely-valued logic SOLver :-
Analysing consequence validity... INvalid

real	0m8,982s
user	0m8,970s
sys	0m0,269s
--------------------------------
Processing: ./properties/nn_0/prop4_neuron8_2_10.limodsat
-: LUKAsiewicz infinitely-valued logic SOLver :-
Analysing consequence validity... INvalid

real	0m8,926s
user	0m8,892s
sys	0m0,285s
--------------------------------
Processing: ./properties/nn_0/prop4_neuron9_1_10.limodsat
-: LUKAsiewicz infinitely-valued logic SOLver :-
Analysing consequence validity... INvalid

real	0m11,288s
user	0m11,229s
sys	0m0,312s
--------------------------------
Processing: ./properties/nn_0/prop4_neuron9_1_20.limodsat
-: LUKAsiewicz infinitely-valued logic SOLver :-
Analysing consequence validity... INvalid

real	0m11,083s
user	0m10,895s
sys	0m0,315s
--------------------------------
Processing: ./properties/nn_0/prop4_neuron9_2_10.limodsat
-: LUKAsiewicz infinitely-valued logic SOLver :-
Analysing consequence validity... INvalid

real	0m10,543s
user	0m10,499s
sys	0m0,296s
